Removed Pin From Net: NetName=5V Pin=C12-1
Removed Pin From Net: NetName=AGND Pin=C12-2
Removed Pin From Net: NetName=AINN1 Pin=R5-1
Removed Pin From Net: NetName=AINP1 Pin=R6-1
Removed Member From Class: ClassName=Sheet1 Member=C12
Removed Member From Class: ClassName=Sheet1 Member=C13
Removed Member From Class: ClassName=Sheet1 Member=R5
Removed Member From Class: ClassName=Sheet1 Member=R6
Added Component: Designator=C??(C0402)
Add component (AddParameter): Name = "AddInBom"; Value = "yes"; VariantName = "[No Variations]"
Add component (AddParameter): Name = "ConvertToPcb"; Value = "yes"; VariantName = "[No Variations]"
Add component (AddParameter): Name = "Datasheet"; Value = "https://item.szlcsc.com/datasheet/GCM155R71H103KA55D/92790.html"; VariantName = "[No Variations]"
Add component (AddParameter): Name = "FootprintName"; Value = "C0402"; VariantName = "[No Variations]"
Add component (AddParameter): Name = "JLCPCB Part Class"; Value = "Extended Part"; VariantName = "[No Variations]"
Add component (AddParameter): Name = "LCSC Part Name"; Value = "10nF ¡À10% 50V"; VariantName = "[No Variations]"
Add component (AddParameter): Name = "Manufacturer"; Value = "muRata(´åÌï)"; VariantName = "[No Variations]"
Add component (AddParameter): Name = "ManufacturerPart"; Value = "GCM155R71H103KA55D"; VariantName = "[No Variations]"
Add component (AddParameter): Name = "ModelId"; Value = "36a51122f27c49738f86b3bfa98863e0"; VariantName = "[No Variations]"
Add component (AddParameter): Name = "ModelName"; Value = "C0402_L1.0-W0.5-H0.5"; VariantName = "[No Variations]"
Add component (AddParameter): Name = "ModelTransform"; Value = "39.37,19.685,0,0,0,0,0,0,0"; VariantName = "[No Variations]"
Add component (AddParameter): Name = "Supplier"; Value = "LCSC"; VariantName = "[No Variations]"
Add component (AddParameter): Name = "Supplier Footprint"; Value = "0402"; VariantName = "[No Variations]"
Add component (AddParameter): Name = "SupplierPart"; Value = "C91601"; VariantName = "[No Variations]"
Add component (AddParameter): Name = "Symbol"; Value = "GCM155R71H103KA55D"; VariantName = "[No Variations]"
Add component (AddParameter): Name = "Temperature Coefficient"; Value = "X7R"; VariantName = "[No Variations]"
Add component (AddParameter): Name = "Tolerance"; Value = "¡À10%"; VariantName = "[No Variations]"
Add component (AddParameter): Name = "Value"; Value = "10nF"; VariantName = "[No Variations]"
Add component (AddParameter): Name = "Voltage Rating"; Value = "50V"; VariantName = "[No Variations]"
Added Component: Designator=C??(C0402)
Add component (AddParameter): Name = "AddInBom"; Value = "yes"; VariantName = "[No Variations]"
Add component (AddParameter): Name = "ConvertToPcb"; Value = "yes"; VariantName = "[No Variations]"
Add component (AddParameter): Name = "Datasheet"; Value = "https://item.szlcsc.com/datasheet/GCM155R71H103KA55D/92790.html"; VariantName = "[No Variations]"
Add component (AddParameter): Name = "FootprintName"; Value = "C0402"; VariantName = "[No Variations]"
Add component (AddParameter): Name = "JLCPCB Part Class"; Value = "Extended Part"; VariantName = "[No Variations]"
Add component (AddParameter): Name = "LCSC Part Name"; Value = "10nF ¡À10% 50V"; VariantName = "[No Variations]"
Add component (AddParameter): Name = "Manufacturer"; Value = "muRata(´åÌï)"; VariantName = "[No Variations]"
Add component (AddParameter): Name = "ManufacturerPart"; Value = "GCM155R71H103KA55D"; VariantName = "[No Variations]"
Add component (AddParameter): Name = "ModelId"; Value = "36a51122f27c49738f86b3bfa98863e0"; VariantName = "[No Variations]"
Add component (AddParameter): Name = "ModelName"; Value = "C0402_L1.0-W0.5-H0.5"; VariantName = "[No Variations]"
Add component (AddParameter): Name = "ModelTransform"; Value = "39.37,19.685,0,0,0,0,0,0,0"; VariantName = "[No Variations]"
Add component (AddParameter): Name = "Supplier"; Value = "LCSC"; VariantName = "[No Variations]"
Add component (AddParameter): Name = "Supplier Footprint"; Value = "0402"; VariantName = "[No Variations]"
Add component (AddParameter): Name = "SupplierPart"; Value = "C91601"; VariantName = "[No Variations]"
Add component (AddParameter): Name = "Symbol"; Value = "GCM155R71H103KA55D"; VariantName = "[No Variations]"
Add component (AddParameter): Name = "Temperature Coefficient"; Value = "X7R"; VariantName = "[No Variations]"
Add component (AddParameter): Name = "Tolerance"; Value = "¡À10%"; VariantName = "[No Variations]"
Add component (AddParameter): Name = "Value"; Value = "10nF"; VariantName = "[No Variations]"
Add component (AddParameter): Name = "Voltage Rating"; Value = "50V"; VariantName = "[No Variations]"
Add component: Footprint Not Found R0402
Add component: Footprint Not Found R0402
Added Pin To Net: NetName=5V Pin=C??-1
Added Pin To Net: NetName=AGND Pin=C??-2
Add Pin To Net: Unknown Pin: Pin R??-1
Add Pin To Net: Unknown Pin: Pin R??-1
Add Net: Net with name "NetC??_1" already exists
Add Net: Net with name "NetC??_2" already exists
Added Member To Class: ClassName=Sheet1 Member=Component C?? cc0402krx7r7bb104
Added Member To Class: ClassName=Sheet1 Member=Component C?? cc0402krx7r7bb104
Added Member To Class: ClassName=Sheet1 Member=Component C?? cc0402krx7r7bb104
Added Member To Class: ClassName=Sheet1 Member=Component C?? cc0402krx7r7bb104
Added Member To Class: ClassName=Sheet1 Member=Component C?? cc0402krx7r7bb104
Added Member To Class: ClassName=Sheet1 Member=Component C?? cc0402krx7r7bb104
Added Member To Class: ClassName=Sheet1 Member=Component C?? gcm155r71h103ka55d
Added Member To Class: ClassName=Sheet1 Member=Component C?? gcm155r71h103ka55d
Add Class Member: Failed to add class member : Component R?? frc0402f1000ts
Add Class Member: Failed to add class member : Component R?? frc0402f1000ts
