Change Component Designator: OldDesignator=C? NewDesignator=C1
Change Component Designator: OldDesignator=C? NewDesignator=C2
Change Component Designator: OldDesignator=C? NewDesignator=C3
Change Component Designator: OldDesignator=C? NewDesignator=C4
Change Component Designator: OldDesignator=C? NewDesignator=C5
Change Component Designator: OldDesignator=C? NewDesignator=C6
Change Component Designator: OldDesignator=C? NewDesignator=C7
Change Component Designator: OldDesignator=C? NewDesignator=C8
Change Component Designator: OldDesignator=C? NewDesignator=C9
Change Component Designator: OldDesignator=C? NewDesignator=C10
Change Component Designator: OldDesignator=C? NewDesignator=C11
Change Component Designator: OldDesignator=C? NewDesignator=C12
Change Component Designator: OldDesignator=C? NewDesignator=C13
Change Component Designator: OldDesignator=C? NewDesignator=C14
Change Component Designator: OldDesignator=C? NewDesignator=C15
Change Component Designator: OldDesignator=C? NewDesignator=C16
Change Component Designator: OldDesignator=C? NewDesignator=C17
Change Component Designator: OldDesignator=R? NewDesignator=R1
Change Component Designator: OldDesignator=R? NewDesignator=R2
Change Component Designator: OldDesignator=R? NewDesignator=R3
Change Component Designator: OldDesignator=R? NewDesignator=R4
Change Component Designator: OldDesignator=R? NewDesignator=R5
Change Component Designator: OldDesignator=R? NewDesignator=R6
Change Component Designator: OldDesignator=R? NewDesignator=R7
Change Component Designator: OldDesignator=SW? NewDesignator=SW1
Change Component Designator: OldDesignator=U? NewDesignator=U1
Change Component Designator: OldDesignator=U? NewDesignator=U2
Change Component Designator: OldDesignator=U? NewDesignator=U3
Change Component Designator: OldDesignator=U? NewDesignator=U4
Change Component Designator: OldDesignator=U? NewDesignator=U5
Change Component Designator: OldDesignator=U? NewDesignator=U6
Change Component Designator: OldDesignator=X? NewDesignator=X1
Change Net Name : Old Net Name=NetC?_1 New Net Name=NetC9_1
Change Net Name : Old Net Name=NetC?_2 New Net Name=NetC4_2
Change Net Name : Old Net Name=NetR?_1 New Net Name=NetR4_1
Added Pin To Net: NetName=NetC1_2 Pin=C1-2
Added Pin To Net: NetName=NetC1_2 Pin=U1-2
Added Pin To Net: NetName=NetC1_2 Pin=U4-2
Added Net: Name=NetC1_2
Added Pin To Net: NetName=NetC7_1 Pin=C7-1
Added Pin To Net: NetName=NetC7_1 Pin=U4-8
Added Pin To Net: NetName=NetC7_1 Pin=X1-3
Added Net: Name=NetC7_1
Added Pin To Net: NetName=NetC9_2 Pin=C9-2
Added Pin To Net: NetName=NetC9_2 Pin=U2-9
Added Net: Name=NetC9_2
Added Pin To Net: NetName=NetC11_2 Pin=C11-2
Added Pin To Net: NetName=NetC11_2 Pin=U4-9
Added Pin To Net: NetName=NetC11_2 Pin=X1-1
Added Net: Name=NetC11_2
Added Pin To Net: NetName=NetC13_1 Pin=C13-1
Added Pin To Net: NetName=NetC13_1 Pin=R6-2
Added Pin To Net: NetName=NetC13_1 Pin=U2-11
Added Net: Name=NetC13_1
Added Pin To Net: NetName=NetC13_2 Pin=C13-2
Added Pin To Net: NetName=NetC13_2 Pin=R5-2
Added Pin To Net: NetName=NetC13_2 Pin=U2-12
Added Net: Name=NetC13_2
Added Pin To Net: NetName=NetR2_1 Pin=R2-1
Added Pin To Net: NetName=NetR2_1 Pin=U2-24
Added Net: Name=NetR2_1
Added Pin To Net: NetName=NetR3_1 Pin=R3-1
Added Pin To Net: NetName=NetR3_1 Pin=U2-23
Added Net: Name=NetR3_1
Added Member To Class: ClassName=Sheet1 Member=Component C1 cc0402jrnpo9bn220
Added Member To Class: ClassName=Sheet1 Member=Component C2 cga0603x7r104k500jt
Added Member To Class: ClassName=Sheet1 Member=Component C3 cga0603x7r104k500jt
Added Member To Class: ClassName=Sheet1 Member=Component C4 cc0402jrnpo9bn220
Added Member To Class: ClassName=Sheet1 Member=Component C5 cga0603x7r104k500jt
Added Member To Class: ClassName=Sheet1 Member=Component C6 cga0603x7r104k500jt
Added Member To Class: ClassName=Sheet1 Member=Component C8 cga0603x7r104k500jt
Added Member To Class: ClassName=Sheet1 Member=Component C9 cga0603x7r104k500jt
Added Member To Class: ClassName=Sheet1 Member=Component C10 cga0603x7r104k500jt
Added Member To Class: ClassName=Sheet1 Member=Component C11 cc0402jrnpo9bn180
Added Member To Class: ClassName=Sheet1 Member=Component C12 fcc0603b103k500ct
Added Member To Class: ClassName=Sheet1 Member=Component C13 fcc0603b103k500ct
Added Member To Class: ClassName=Sheet1 Member=Component C14 cga0603x5r105k500jt
Added Member To Class: ClassName=Sheet1 Member=Component C15 cga0603x5r105k500jt
Added Member To Class: ClassName=Sheet1 Member=Component C16 cga0603x5r105k500jt
Added Member To Class: ClassName=Sheet1 Member=Component C17 cga0603x5r105k500jt
Added Member To Class: ClassName=Sheet1 Member=Component R2 0603waf470jt5e
Added Member To Class: ClassName=Sheet1 Member=Component R3 0603waf470jt5e
Added Member To Class: ClassName=Sheet1 Member=Component R4 0603waf470jt5e
Added Member To Class: ClassName=Sheet1 Member=Component R5 frc0603f1000ts
Added Member To Class: ClassName=Sheet1 Member=Component R6 frc0603f1000ts
Added Member To Class: ClassName=Sheet1 Member=Component R7 0603waf0000t5e
Added Member To Class: ClassName=Sheet1 Member=Component U1 fc31m2-32.768-ntlnndtl
Added Member To Class: ClassName=Sheet1 Member=Component U2 ads1232ipwr
Added Member To Class: ClassName=Sheet1 Member=Component U3 hx pz2.54-1x4p zz
Added Member To Class: ClassName=Sheet1 Member=Component U4 stm32g031c8t6
Added Member To Class: ClassName=Sheet1 Member=Component U5 tps7a2033pdbvr
