Added Component: Designator=U??(TSSOP-24_L7.8-W4.4-P0.65-LS6.4-BL)
Add component (AddParameter): Name = "ADC architecture"; Value = "Sigma-Delta"; VariantName = "[No Variations]"
Add component (AddParameter): Name = "AddInBom"; Value = "yes"; VariantName = "[No Variations]"
Add component (AddParameter): Name = "Clock Frequency"; Value = "4.9152MHz；200kHz~8MHz"; VariantName = "[No Variations]"
Add component (AddParameter): Name = "Clock/Oscillator"; Value = "内置；外置"; VariantName = "[No Variations]"
Add component (AddParameter): Name = "ConvertToPcb"; Value = "yes"; VariantName = "[No Variations]"
Add component (AddParameter): Name = "Data rate"; Value = "80Hz；10Hz"; VariantName = "[No Variations]"
Add component (AddParameter): Name = "Datasheet"; Value = "https://www.ti.com/cn/lit/gpn/ads1232"; VariantName = "[No Variations]"
Add component (AddParameter): Name = "differential input"; Value = "是"; VariantName = "[No Variations]"
Add component (AddParameter): Name = "FootprintName"; Value = "TSSOP-24_L7.8-W4.4-P0.65-LS6.4-BL"; VariantName = "[No Variations]"
Add component (AddParameter): Name = "Full-Scale Range(FSR)"; Value = "39mV；1.25V；19.5mV；2.5V"; VariantName = "[No Variations]"
Add component (AddParameter): Name = "Integral non - linearity"; Value = "-"; VariantName = "[No Variations]"
Add component (AddParameter): Name = "Interface"; Value = "SPI"; VariantName = "[No Variations]"
Add component (AddParameter): Name = "JLCPCB Part Class"; Value = "Extended Part"; VariantName = "[No Variations]"
Add component (AddParameter): Name = "LCSC Part Name"; Value = "用于桥式传感器的24bit 模数转换器"; VariantName = "[No Variations]"
Add component (AddParameter): Name = "Manufacturer"; Value = "TI(德州仪器)"; VariantName = "[No Variations]"
Add component (AddParameter): Name = "ManufacturerPart"; Value = "ADS1232IPWR"; VariantName = "[No Variations]"
Add component (AddParameter): Name = "ModelId"; Value = "57e278220af748a2882c4abba4094eb9"; VariantName = "[No Variations]"
Add component (AddParameter): Name = "ModelName"; Value = "TSSOP-24_L7.8-W4.4-H1.0-LS6.4-P0.65"; VariantName = "[No Variations]"
Add component (AddParameter): Name = "ModelTransform"; Value = "252.188,307.086,0,90,0,0,0,0,0"; VariantName = "[No Variations]"
Add component (AddParameter): Name = "number of channels"; Value = "2"; VariantName = "[No Variations]"
Add component (AddParameter): Name = "Operating Temperature"; Value = "-40℃~+105℃"; VariantName = "[No Variations]"
Add component (AddParameter): Name = "Programmable Gain"; Value = "支持"; VariantName = "[No Variations]"
Add component (AddParameter): Name = "Quiescent Current (Iq)"; Value = "1.3uA"; VariantName = "[No Variations]"
Add component (AddParameter): Name = "Resolution (Bits)"; Value = "24"; VariantName = "[No Variations]"
Add component (AddParameter): Name = "Sampling Rate"; Value = "10Hz"; VariantName = "[No Variations]"
Add component (AddParameter): Name = "Signal-to-Noise Ratio"; Value = "-"; VariantName = "[No Variations]"
Add component (AddParameter): Name = "Supplier"; Value = "LCSC"; VariantName = "[No Variations]"
Add component (AddParameter): Name = "Supplier Footprint"; Value = "TSSOP-24"; VariantName = "[No Variations]"
Add component (AddParameter): Name = "SupplierPart"; Value = "C27919"; VariantName = "[No Variations]"
Add component (AddParameter): Name = "Symbol"; Value = "ADS1232IPW"; VariantName = "[No Variations]"
Add component (AddParameter): Name = "Temperature Sensors"; Value = "内置"; VariantName = "[No Variations]"
Add component (AddParameter): Name = "Voltage - Supply"; Value = "2.7V~5.3V"; VariantName = "[No Variations]"
Add component (AddParameter): Name = "Voltage Reference"; Value = "外置"; VariantName = "[No Variations]"
Add component (AddParameter): Name = "Voltage Reference Drift"; Value = "-"; VariantName = "[No Variations]"
Added Class: Name=Sheet1
