Change Component Designator: Old Designator=C?? New Designator=C?
Change Component Designator: Old Designator=C?? New Designator=C?
Change Component Designator: Old Designator=C?? New Designator=C?
Change Component Designator: Old Designator=C?? New Designator=C?
Change Component Designator: Old Designator=C?? New Designator=C?
Change Component Designator: Old Designator=C?? New Designator=C?
Change Component Designator: Old Designator=C?? New Designator=C?
Change Component Designator: Old Designator=C?? New Designator=C?
Change Component Designator: Old Designator=R?? New Designator=R?
Change Component Designator: Old Designator=R?? New Designator=R?
Change Component Designator: Old Designator=R?? New Designator=R?
Change Component Designator: Old Designator=R?? New Designator=R?
Change Component Designator: Old Designator=R?? New Designator=R?
Change Component Designator: Old Designator=R?? New Designator=R?
Change Component Designator: Old Designator=SW?? New Designator=SW?
Change Component Designator: Old Designator=U?? New Designator=U?
Change Component Designator: Old Designator=U?? New Designator=U?
Change Component Designator: Old Designator=U?? New Designator=U?
Change Component Designator: Old Designator=U?? New Designator=U?
Change Component Designator: Old Designator=U?? New Designator=U?
Change Component Designator: Old Designator=U?? New Designator=U?
Change Component Designator: Old Designator=X?? New Designator=X?
