Removed Member From Class: ClassName=Sheet1 Member=U??
Change Component Designator: OldDesignator=C1 NewDesignator=C4
Change Component Designator: OldDesignator=C2 NewDesignator=C1
Change Component Designator: OldDesignator=C3 NewDesignator=C2
Change Component Designator: OldDesignator=C4 NewDesignator=C3
Change Component Designator: OldDesignator=C6 NewDesignator=C13
Change Component Designator: OldDesignator=C8 NewDesignator=C6
Change Component Designator: OldDesignator=C9 NewDesignator=C10
Change Component Designator: OldDesignator=C10 NewDesignator=C8
Change Component Designator: OldDesignator=C11 NewDesignator=C9
Change Component Designator: OldDesignator=C12 NewDesignator=C11
Change Component Designator: OldDesignator=C13 NewDesignator=C12
Change Component Designator: OldDesignator=C14 NewDesignator=C15
Change Component Designator: OldDesignator=C15 NewDesignator=C14
Change Component Designator: OldDesignator=R1 NewDesignator=R4
Change Component Designator: OldDesignator=R2 NewDesignator=R1
Change Component Designator: OldDesignator=R3 NewDesignator=R2
Change Component Designator: OldDesignator=R4 NewDesignator=R3
Change Component Designator: OldDesignator=U2 NewDesignator=U4
Change Component Designator: OldDesignator=U?? NewDesignator=U2
Change Component Designator: OldDesignator=U?? NewDesignator=U3
Change Component Designator: OldDesignator=U?? NewDesignator=U5
Change Component Designator: OldDesignator=U?? NewDesignator=U6
Change Net Name : Old Net Name=NetC3_2 New Net Name=NetC2_2
Change Net Name : Old Net Name=NetC9_1 New Net Name=NetC10_1
Change Net Name : Old Net Name=NetC9_2 New Net Name=NetC10_2
Change Net Name : Old Net Name=NetC11_2 New Net Name=NetC9_2
Change Net Name : Old Net Name=NetC13_1 New Net Name=NetC12_1
Change Net Name : Old Net Name=NetC13_2 New Net Name=NetC12_2
Change Net Name : Old Net Name=NetR2_1 New Net Name=NetR1_1
Change Net Name : Old Net Name=NetR3_1 New Net Name=NetR2_1
Change Net Name : Old Net Name=NetR4_1 New Net Name=NetR3_1
Added Member To Class: ClassName=Sheet1 Member=Component U3 stm32g031c8t6
Added Member To Class: ClassName=Sheet1 Member=Component U4 5¸öº¸ÅÌ
Added Member To Class: ClassName=Sheet1 Member=Component U5 tps7a2033pdbvr
Added Member To Class: ClassName=Sheet1 Member=Component U6 tps7a2050pdbvr
