Added Component: Designator=U7(CONN-SMD_4P-P2.50_BX-XH2.54-4PWT)
Add component (AddParameter): Name = "AddInBom"; Value = "yes"; VariantName = "[No Variations]"
Add component (AddParameter): Name = "Color"; Value = "Ã×É«"; VariantName = "[No Variations]"
Add component (AddParameter): Name = "Contact Material"; Value = "»ÆÍ­"; VariantName = "[No Variations]"
Add component (AddParameter): Name = "Contact Plating"; Value = "Îý"; VariantName = "[No Variations]"
Add component (AddParameter): Name = "ConvertToPcb"; Value = "yes"; VariantName = "[No Variations]"
Add component (AddParameter): Name = "Current Rating"; Value = "3A"; VariantName = "[No Variations]"
Add component (AddParameter): Name = "Datasheet"; Value = "https://item.szlcsc.com/datasheet/BX-XH2.54-4PWT/19218275.html"; VariantName = "[No Variations]"
Add component (AddParameter): Name = "Flame Retardant Rating"; Value = "-"; VariantName = "[No Variations]"
Add component (AddParameter): Name = "FootprintName"; Value = "CONN-SMD_4P-P2.50_BX-XH2.54-4PWT"; VariantName = "[No Variations]"
Add component (AddParameter): Name = "JLCPCB Part Class"; Value = "Extended Part"; VariantName = "[No Variations]"
Add component (AddParameter): Name = "LCSC Part Name"; Value = "1x4P ¼ä¾à:2.5mm ÎÔÌù ÏµÁÐ:XH"; VariantName = "[No Variations]"
Add component (AddParameter): Name = "Manufacturer"; Value = "Bossie(²©Îý)"; VariantName = "[No Variations]"
Add component (AddParameter): Name = "ManufacturerPart"; Value = "BX-XH2.54-4PWT"; VariantName = "[No Variations]"
Add component (AddParameter): Name = "ModelId"; Value = "fc4292fdbd0c45d68488b12ac9a84ffb"; VariantName = "[No Variations]"
Add component (AddParameter): Name = "ModelName"; Value = "CONN-SMD_4P-P2.50_BX-XH2.54-4PWT"; VariantName = "[No Variations]"
Add component (AddParameter): Name = "ModelTransform"; Value = "590.55,413.385,0,0,0,0,-0.003,-11.339,0"; VariantName = "[No Variations]"
Add component (AddParameter): Name = "Mounting Type"; Value = "ÎÔÌù"; VariantName = "[No Variations]"
Add component (AddParameter): Name = "Number of Pins"; Value = "4P"; VariantName = "[No Variations]"
Add component (AddParameter): Name = "Number of PINs Per Row"; Value = "4"; VariantName = "[No Variations]"
Add component (AddParameter): Name = "Number of Rows"; Value = "1"; VariantName = "[No Variations]"
Add component (AddParameter): Name = "Operating Temperature"; Value = "-25¡æ~+85¡æ"; VariantName = "[No Variations]"
Add component (AddParameter): Name = "Pins Structure"; Value = "1x4P"; VariantName = "[No Variations]"
Add component (AddParameter): Name = "Pitch"; Value = "2.5mm"; VariantName = "[No Variations]"
Add component (AddParameter): Name = "Plastic Material"; Value = "-"; VariantName = "[No Variations]"
Add component (AddParameter): Name = "Reference Series"; Value = "XH"; VariantName = "[No Variations]"
Add component (AddParameter): Name = "Row Spacing"; Value = "-"; VariantName = "[No Variations]"
Add component (AddParameter): Name = "Supplementary Features"; Value = "¸¨Öúº¸½Å"; VariantName = "[No Variations]"
Add component (AddParameter): Name = "Supplier"; Value = "LCSC"; VariantName = "[No Variations]"
Add component (AddParameter): Name = "Supplier Footprint"; Value = "SMD,P=2.54mm,ÎÔÌù"; VariantName = "[No Variations]"
Add component (AddParameter): Name = "SupplierPart"; Value = "C18077874"; VariantName = "[No Variations]"
Add component (AddParameter): Name = "Symbol"; Value = "BX-XH2.54-4PWT"; VariantName = "[No Variations]"
Add component (AddParameter): Name = "Voltage Rating"; Value = "250V"; VariantName = "[No Variations]"
Add component (AddParameter): Name = "X-Length of Bottom Edge on Board (Spacing Line)"; Value = "15mm"; VariantName = "[No Variations]"
Add component (AddParameter): Name = "Y-Width of Bottom Edge on Board"; Value = "10.5mm"; VariantName = "[No Variations]"
Add component (AddParameter): Name = "Z-Height of the Board"; Value = "6.2mm"; VariantName = "[No Variations]"
Change Net Color : Old Net Color=RGB(158, 161, 117) New Net Color=RGB(158, 161, 117)
Change Net Color : Old Net Color=RGB(158, 161, 117) New Net Color=RGB(158, 161, 117)
Added Member To Class: ClassName=Sheet1 Member=Component SW1 ts-1088-ar02016
Added Member To Class: ClassName=Sheet1 Member=Component U7 bx-xh2.54-4pwt
