Removed Pin From Net: NetName=AGND Pin=C10-1
Removed Pin From Net: NetName=5V Pin=C10-2
Removed Pin From Net: NetName=DOUT Pin=R2-2
Removed Pin From Net: NetName=SCLK Pin=R3-2
Removed Pin From Net: NetName=PDWN Pin=R4-2
Removed Member From Class: ClassName=Sheet1 Member=C10
Removed Member From Class: ClassName=Sheet1 Member=R2
Removed Member From Class: ClassName=Sheet1 Member=R3
Removed Member From Class: ClassName=Sheet1 Member=R4
Added Component: Designator=C??(C0402)
Add component (AddParameter): Name = "AddInBom"; Value = "yes"; VariantName = "[No Variations]"
Add component (AddParameter): Name = "ConvertToPcb"; Value = "yes"; VariantName = "[No Variations]"
Add component (AddParameter): Name = "Datasheet"; Value = "https://item.szlcsc.com/datasheet/CC0402KRX7R7BB104/61526.html"; VariantName = "[No Variations]"
Add component (AddParameter): Name = "FootprintName"; Value = "C0402"; VariantName = "[No Variations]"
Add component (AddParameter): Name = "JLCPCB Part Class"; Value = "Extended Part"; VariantName = "[No Variations]"
Add component (AddParameter): Name = "LCSC Part Name"; Value = "100nF ¡À10% 16V"; VariantName = "[No Variations]"
Add component (AddParameter): Name = "Manufacturer"; Value = "YAGEO(¹ú¾Þ)"; VariantName = "[No Variations]"
Add component (AddParameter): Name = "ManufacturerPart"; Value = "CC0402KRX7R7BB104"; VariantName = "[No Variations]"
Add component (AddParameter): Name = "ModelId"; Value = "36a51122f27c49738f86b3bfa98863e0"; VariantName = "[No Variations]"
Add component (AddParameter): Name = "ModelName"; Value = "C0402_L1.0-W0.5-H0.5"; VariantName = "[No Variations]"
Add component (AddParameter): Name = "ModelTransform"; Value = "39.37,19.685,0,0,0,0,0,0,0"; VariantName = "[No Variations]"
Add component (AddParameter): Name = "Supplier"; Value = "LCSC"; VariantName = "[No Variations]"
Add component (AddParameter): Name = "Supplier Footprint"; Value = "0402"; VariantName = "[No Variations]"
Add component (AddParameter): Name = "SupplierPart"; Value = "C60474"; VariantName = "[No Variations]"
Add component (AddParameter): Name = "Symbol"; Value = "CC0402KRX7R7BB104"; VariantName = "[No Variations]"
Add component (AddParameter): Name = "Temperature Coefficient"; Value = "X7R"; VariantName = "[No Variations]"
Add component (AddParameter): Name = "Tolerance"; Value = "¡À10%"; VariantName = "[No Variations]"
Add component (AddParameter): Name = "Value"; Value = "100nF"; VariantName = "[No Variations]"
Add component (AddParameter): Name = "Voltage Rating"; Value = "16V"; VariantName = "[No Variations]"
Added Component: Designator=R??(R0402)
Add component (AddParameter): Name = "AddInBom"; Value = "yes"; VariantName = "[No Variations]"
Add component (AddParameter): Name = "ConvertToPcb"; Value = "yes"; VariantName = "[No Variations]"
Add component (AddParameter): Name = "Datasheet"; Value = "https://item.szlcsc.com/datasheet/FRC0402F47R0TS/3186297.html"; VariantName = "[No Variations]"
Add component (AddParameter): Name = "FootprintName"; Value = "R0402"; VariantName = "[No Variations]"
Add component (AddParameter): Name = "JLCPCB Part Class"; Value = "Extended Part"; VariantName = "[No Variations]"
Add component (AddParameter): Name = "LCSC Part Name"; Value = "47¦¸ ¡À1% 62.5mW ºñÄ¤µç×è"; VariantName = "[No Variations]"
Add component (AddParameter): Name = "Manufacturer"; Value = "FOJAN(¸»½Ý)"; VariantName = "[No Variations]"
Add component (AddParameter): Name = "ManufacturerPart"; Value = "FRC0402F47R0TS"; VariantName = "[No Variations]"
Add component (AddParameter): Name = "ModelId"; Value = "98c88bc2b9094f218f3a3e30a7012738"; VariantName = "[No Variations]"
Add component (AddParameter): Name = "ModelName"; Value = "R0402_L1.0-W0.5-H0.4"; VariantName = "[No Variations]"
Add component (AddParameter): Name = "ModelTransform"; Value = "39.37,19.685,0,0,0,0,0,0,0"; VariantName = "[No Variations]"
Add component (AddParameter): Name = "Operating Temperature"; Value = "-55¡æ~+155¡æ"; VariantName = "[No Variations]"
Add component (AddParameter): Name = "Power(Watts)"; Value = "62.5mW"; VariantName = "[No Variations]"
Add component (AddParameter): Name = "Supplier"; Value = "LCSC"; VariantName = "[No Variations]"
Add component (AddParameter): Name = "Supplier Footprint"; Value = "0402"; VariantName = "[No Variations]"
Add component (AddParameter): Name = "SupplierPart"; Value = "C2909362"; VariantName = "[No Variations]"
Add component (AddParameter): Name = "Symbol"; Value = "FRC0402F47R0TS"; VariantName = "[No Variations]"
Add component (AddParameter): Name = "Temperature Coefficient"; Value = "¡À100ppm/¡æ"; VariantName = "[No Variations]"
Add component (AddParameter): Name = "Tolerance"; Value = "¡À1%"; VariantName = "[No Variations]"
Add component (AddParameter): Name = "Type"; Value = "ºñÄ¤µç×è"; VariantName = "[No Variations]"
Add component (AddParameter): Name = "Value"; Value = "47¦¸"; VariantName = "[No Variations]"
Add component (AddParameter): Name = "Voltage-Supply(Max)"; Value = "50V"; VariantName = "[No Variations]"
Added Component: Designator=R??(R0402)
Add component (AddParameter): Name = "AddInBom"; Value = "yes"; VariantName = "[No Variations]"
Add component (AddParameter): Name = "ConvertToPcb"; Value = "yes"; VariantName = "[No Variations]"
Add component (AddParameter): Name = "Datasheet"; Value = "https://item.szlcsc.com/datasheet/FRC0402F47R0TS/3186297.html"; VariantName = "[No Variations]"
Add component (AddParameter): Name = "FootprintName"; Value = "R0402"; VariantName = "[No Variations]"
Add component (AddParameter): Name = "JLCPCB Part Class"; Value = "Extended Part"; VariantName = "[No Variations]"
Add component (AddParameter): Name = "LCSC Part Name"; Value = "47¦¸ ¡À1% 62.5mW ºñÄ¤µç×è"; VariantName = "[No Variations]"
Add component (AddParameter): Name = "Manufacturer"; Value = "FOJAN(¸»½Ý)"; VariantName = "[No Variations]"
Add component (AddParameter): Name = "ManufacturerPart"; Value = "FRC0402F47R0TS"; VariantName = "[No Variations]"
Add component (AddParameter): Name = "ModelId"; Value = "98c88bc2b9094f218f3a3e30a7012738"; VariantName = "[No Variations]"
Add component (AddParameter): Name = "ModelName"; Value = "R0402_L1.0-W0.5-H0.4"; VariantName = "[No Variations]"
Add component (AddParameter): Name = "ModelTransform"; Value = "39.37,19.685,0,0,0,0,0,0,0"; VariantName = "[No Variations]"
Add component (AddParameter): Name = "Operating Temperature"; Value = "-55¡æ~+155¡æ"; VariantName = "[No Variations]"
Add component (AddParameter): Name = "Power(Watts)"; Value = "62.5mW"; VariantName = "[No Variations]"
Add component (AddParameter): Name = "Supplier"; Value = "LCSC"; VariantName = "[No Variations]"
Add component (AddParameter): Name = "Supplier Footprint"; Value = "0402"; VariantName = "[No Variations]"
Add component (AddParameter): Name = "SupplierPart"; Value = "C2909362"; VariantName = "[No Variations]"
Add component (AddParameter): Name = "Symbol"; Value = "FRC0402F47R0TS"; VariantName = "[No Variations]"
Add component (AddParameter): Name = "Temperature Coefficient"; Value = "¡À100ppm/¡æ"; VariantName = "[No Variations]"
Add component (AddParameter): Name = "Tolerance"; Value = "¡À1%"; VariantName = "[No Variations]"
Add component (AddParameter): Name = "Type"; Value = "ºñÄ¤µç×è"; VariantName = "[No Variations]"
Add component (AddParameter): Name = "Value"; Value = "47¦¸"; VariantName = "[No Variations]"
Add component (AddParameter): Name = "Voltage-Supply(Max)"; Value = "50V"; VariantName = "[No Variations]"
Added Component: Designator=R??(R0402)
Add component (AddParameter): Name = "AddInBom"; Value = "yes"; VariantName = "[No Variations]"
Add component (AddParameter): Name = "ConvertToPcb"; Value = "yes"; VariantName = "[No Variations]"
Add component (AddParameter): Name = "Datasheet"; Value = "https://item.szlcsc.com/datasheet/FRC0402F47R0TS/3186297.html"; VariantName = "[No Variations]"
Add component (AddParameter): Name = "FootprintName"; Value = "R0402"; VariantName = "[No Variations]"
Add component (AddParameter): Name = "JLCPCB Part Class"; Value = "Extended Part"; VariantName = "[No Variations]"
Add component (AddParameter): Name = "LCSC Part Name"; Value = "47¦¸ ¡À1% 62.5mW ºñÄ¤µç×è"; VariantName = "[No Variations]"
Add component (AddParameter): Name = "Manufacturer"; Value = "FOJAN(¸»½Ý)"; VariantName = "[No Variations]"
Add component (AddParameter): Name = "ManufacturerPart"; Value = "FRC0402F47R0TS"; VariantName = "[No Variations]"
Add component (AddParameter): Name = "ModelId"; Value = "98c88bc2b9094f218f3a3e30a7012738"; VariantName = "[No Variations]"
Add component (AddParameter): Name = "ModelName"; Value = "R0402_L1.0-W0.5-H0.4"; VariantName = "[No Variations]"
Add component (AddParameter): Name = "ModelTransform"; Value = "39.37,19.685,0,0,0,0,0,0,0"; VariantName = "[No Variations]"
Add component (AddParameter): Name = "Operating Temperature"; Value = "-55¡æ~+155¡æ"; VariantName = "[No Variations]"
Add component (AddParameter): Name = "Power(Watts)"; Value = "62.5mW"; VariantName = "[No Variations]"
Add component (AddParameter): Name = "Supplier"; Value = "LCSC"; VariantName = "[No Variations]"
Add component (AddParameter): Name = "Supplier Footprint"; Value = "0402"; VariantName = "[No Variations]"
Add component (AddParameter): Name = "SupplierPart"; Value = "C2909362"; VariantName = "[No Variations]"
Add component (AddParameter): Name = "Symbol"; Value = "FRC0402F47R0TS"; VariantName = "[No Variations]"
Add component (AddParameter): Name = "Temperature Coefficient"; Value = "¡À100ppm/¡æ"; VariantName = "[No Variations]"
Add component (AddParameter): Name = "Tolerance"; Value = "¡À1%"; VariantName = "[No Variations]"
Add component (AddParameter): Name = "Type"; Value = "ºñÄ¤µç×è"; VariantName = "[No Variations]"
Add component (AddParameter): Name = "Value"; Value = "47¦¸"; VariantName = "[No Variations]"
Add component (AddParameter): Name = "Voltage-Supply(Max)"; Value = "50V"; VariantName = "[No Variations]"
Added Pin To Net: NetName=5V Pin=C??-1
Added Pin To Net: NetName=AGND Pin=C??-2
Added Pin To Net: NetName=DOUT Pin=R??-2
Added Pin To Net: NetName=PDWN Pin=R??-2
Added Pin To Net: NetName=SCLK Pin=R??-2
Add Net: Net with name "NetC??_1" already exists
Add Net: Net with name "NetC??_2" already exists
Added Pin To Net: NetName=NetR??_1 Pin=R??-1
Added Pin To Net: NetName=NetR??_1 Pin=U3-24
Added Net: Name=NetR??_1
Add Net: Net with name "NetR??_1" already exists
Add Net: Net with name "NetR??_1" already exists
Added Member To Class: ClassName=Sheet1 Member=Component C?? cc0402krx7r7bb104
Added Member To Class: ClassName=Sheet1 Member=Component C?? cc0402krx7r7bb104
Added Member To Class: ClassName=Sheet1 Member=Component C?? cc0402krx7r7bb104
Added Member To Class: ClassName=Sheet1 Member=Component C?? cc0402krx7r7bb104
Added Member To Class: ClassName=Sheet1 Member=Component C?? cc0402krx7r7bb104
Added Member To Class: ClassName=Sheet1 Member=Component C?? cc0402krx7r7bb104
Added Member To Class: ClassName=Sheet1 Member=Component C?? cc0402krx7r7bb104
Added Member To Class: ClassName=Sheet1 Member=Component C?? cc0402krx7r7bb104
Added Member To Class: ClassName=Sheet1 Member=Component C?? gcm155r71h103ka55d
Added Member To Class: ClassName=Sheet1 Member=Component R?? frc0402f1000ts
Added Member To Class: ClassName=Sheet1 Member=Component R?? frc0402f47r0ts
Added Member To Class: ClassName=Sheet1 Member=Component R?? frc0402f47r0ts
Added Member To Class: ClassName=Sheet1 Member=Component R?? frc0402f47r0ts
